#
# There is insufficient memory for the Java Runtime Environment to continue.
# Native memory allocation (mmap) failed to map 264241152 bytes. Error detail: G1 virtual space
# Possible reasons:
#   The system is out of physical RAM or swap space
#   This process is running with CompressedOops enabled, and the Java Heap may be blocking the growth of the native heap
# Possible solutions:
#   Reduce memory load on the system
#   Increase physical memory or swap space
#   Check if swap backing store is full
#   Decrease Java heap size (-Xmx/-Xms)
#   Decrease number of Java threads
#   Decrease Java thread stack sizes (-Xss)
#   Set larger code cache with -XX:ReservedCodeCacheSize=
#   JVM is running with Zero Based Compressed Oops mode in which the Java heap is
#     placed in the first 32GB address space. The Java Heap base address is the
#     maximum limit for the native heap growth. Please use -XX:HeapBaseMinAddress
#     to set the Java Heap base and to place the Java Heap above 32GB virtual address.
# This output file may be truncated or incomplete.
#
#  Out of Memory Error (os_windows.cpp:3736), pid=37372, tid=20920
#
# JRE version:  (21.0.8+9) (build )
# Java VM: OpenJDK 64-Bit Server VM (21.0.8+9-LTS, mixed mode, emulated-client, sharing, tiered, compressed oops, compressed class ptrs, g1 gc, windows-amd64)
# No core dump will be written. Minidumps are not enabled by default on client versions of Windows
#

---------------  S U M M A R Y ------------

Command Line: -XX:TieredStopAtLevel=1 -Dspring.output.ansi.enabled=always -Dcom.sun.management.jmxremote -Dspring.jmx.enabled=true -Dspring.liveBeansView.mbeanDomain -Dspring.application.admin.enabled=true -Dmanagement.endpoints.jmx.exposure.include=* -javaagent:C:\Program Files\JetBrains\IntelliJ IDEA 2025.2.4\lib\idea_rt.jar=13015 -Dfile.encoding=UTF-8 -Dsun.stdout.encoding=UTF-8 -Dsun.stderr.encoding=UTF-8 com.example.todoapp.TodoappApplication

Host: 11th Gen Intel(R) Core(TM) i5-1135G7 @ 2.40GHz, 8 cores, 15G,  Windows 11 , 64 bit Build 26100 (10.0.26100.6725)
Time: Thu Nov 20 14:56:24 2025 elapsed time: 1.177882 seconds (0d 0h 0m 1s)

---------------  T H R E A D  ---------------

Current thread (0x0000025b079e1150):  JavaThread "Unknown thread" [_thread_in_vm, id=20920, stack(0x0000006fc4100000,0x0000006fc4200000) (1024K)]

Stack: [0x0000006fc4100000,0x0000006fc4200000]
Native frames: (J=compiled Java code, j=interpreted, Vv=VM code, C=native code)
V  [jvm.dll+0x6e1729]
V  [jvm.dll+0x8bf47b]
V  [jvm.dll+0x8c19aa]
V  [jvm.dll+0x8c2083]
V  [jvm.dll+0x289fd6]
V  [jvm.dll+0x6de085]
V  [jvm.dll+0x6d218a]
V  [jvm.dll+0x366f6e]
V  [jvm.dll+0x36ee1b]
V  [jvm.dll+0x3c06b9]
V  [jvm.dll+0x3c095b]
V  [jvm.dll+0x33a8b7]
V  [jvm.dll+0x33b3fb]
V  [jvm.dll+0x888e5e]
V  [jvm.dll+0x3cd611]
V  [jvm.dll+0x871e5c]
V  [jvm.dll+0x461261]
V  [jvm.dll+0x462ea1]
C  [jli.dll+0x52f0]
C  [ucrtbase.dll+0x37b0]
C  [KERNEL32.DLL+0x2e8d7]
C  [ntdll.dll+0x8c53c]


---------------  P R O C E S S  ---------------

Threads class SMR info:
_java_thread_list=0x00007ffbee436288, length=0, elements={
}

Java Threads: ( => current thread )
Total: 0

Other Threads:
  0x0000025b09ec3b80 WorkerThread "GC Thread#0"                     [id=13872, stack(0x0000006fc4200000,0x0000006fc4300000) (1024K)]
  0x0000025b09ed5340 ConcurrentGCThread "G1 Main Marker"            [id=19340, stack(0x0000006fc4300000,0x0000006fc4400000) (1024K)]
  0x0000025b09ed5d50 WorkerThread "G1 Conc#0"                       [id=34676, stack(0x0000006fc4400000,0x0000006fc4500000) (1024K)]

[error occurred during error reporting (printing all threads), id 0xc0000005, EXCEPTION_ACCESS_VIOLATION (0xc0000005) at pc=0x00007ffbedb2d307]
VM state: not at safepoint (not fully initialized)

VM Mutex/Monitor currently owned by a thread:  ([mutex/lock_event])
[0x00007ffbee4aa8c8] Heap_lock - owner thread: 0x0000025b079e1150

Heap address: 0x0000000705a00000, size: 4006 MB, Compressed Oops mode: Zero based, Oop shift amount: 3

CDS archive(s) mapped at: [0x0000000000000000-0x0000000000000000-0x0000000000000000), size 0, SharedBaseAddress: 0x0000000800000000, ArchiveRelocationMode: 1.
Narrow klass base: 0x0000000000000000, Narrow klass shift: 0, Narrow klass range: 0x0

GC Precious Log:
 CardTable entry size: 512
 Card Set container configuration: InlinePtr #cards 4 size 8 Array Of Cards #cards 16 size 48 Howl #buckets 8 coarsen threshold 3686 Howl Bitmap #cards 512 size 80 coarsen threshold 460 Card regions per heap region 1 cards per card region 4096

Heap:
 garbage-first heap   total 0K, used 0K [0x0000000705a00000, 0x0000000800000000)
  region size 2048K, 0 young (0K), 0 survivors (0K)

[error occurred during error reporting (printing heap information), id 0xc0000005, EXCEPTION_ACCESS_VIOLATION (0xc0000005) at pc=0x00007ffbedf1ba99]
GC Heap History (0 events):
No events

Dll operation events (1 events):
Event: 0.010 Loaded shared library C:\Users\USER\.jdks\ms-21.0.8-1\bin\java.dll

Deoptimization events (0 events):
No events

Classes loaded (0 events):
No events

Classes unloaded (0 events):
No events

Classes redefined (0 events):
No events

Internal exceptions (0 events):
No events

ZGC Phase Switch (0 events):
No events

VM Operations (0 events):
No events

Memory protections (0 events):
No events

Nmethod flushes (0 events):
No events

Events (0 events):
No events


Dynamic libraries:
0x00007ff7324c0000 - 0x00007ff7324ce000 	C:\Users\USER\.jdks\ms-21.0.8-1\bin\java.exe
0x00007ffce7600000 - 0x00007ffce7868000 	C:\WINDOWS\SYSTEM32\ntdll.dll
0x00007ffce5d60000 - 0x00007ffce5e29000 	C:\WINDOWS\System32\KERNEL32.DLL
0x00007ffce4790000 - 0x00007ffce4b82000 	C:\WINDOWS\System32\KERNELBASE.dll
0x00007ffce4cf0000 - 0x00007ffce4e3b000 	C:\WINDOWS\System32\ucrtbase.dll
0x00007ffcde570000 - 0x00007ffcde58e000 	C:\Users\USER\.jdks\ms-21.0.8-1\bin\VCRUNTIME140.dll
0x00007ffcde7a0000 - 0x00007ffcde7b8000 	C:\Users\USER\.jdks\ms-21.0.8-1\bin\jli.dll
0x00007ffce6d30000 - 0x00007ffce6ef5000 	C:\WINDOWS\System32\USER32.dll
0x00007ffce4cc0000 - 0x00007ffce4ce7000 	C:\WINDOWS\System32\win32u.dll
0x00007ffce5d30000 - 0x00007ffce5d5b000 	C:\WINDOWS\System32\GDI32.dll
0x00007ffce4e40000 - 0x00007ffce4f6d000 	C:\WINDOWS\System32\gdi32full.dll
0x00007ffcc72c0000 - 0x00007ffcc7553000 	C:\WINDOWS\WinSxS\amd64_microsoft.windows.common-controls_6595b64144ccf1df_6.0.26100.6899_none_3e0efeeae32e88c1\COMCTL32.dll
0x00007ffce5320000 - 0x00007ffce53c3000 	C:\WINDOWS\System32\msvcp_win.dll
0x00007ffce6bd0000 - 0x00007ffce6c79000 	C:\WINDOWS\System32\msvcrt.dll
0x00007ffce6b80000 - 0x00007ffce6baf000 	C:\WINDOWS\System32\IMM32.DLL
0x00007ffcde8b0000 - 0x00007ffcde8bc000 	C:\Users\USER\.jdks\ms-21.0.8-1\bin\vcruntime140_1.dll
0x00007ffcc75c0000 - 0x00007ffcc7649000 	C:\Users\USER\.jdks\ms-21.0.8-1\bin\msvcp140.dll
0x00007ffbed7e0000 - 0x00007ffbee58c000 	C:\Users\USER\.jdks\ms-21.0.8-1\bin\server\jvm.dll
0x00007ffce7500000 - 0x00007ffce75b4000 	C:\WINDOWS\System32\ADVAPI32.dll
0x00007ffce53d0000 - 0x00007ffce5476000 	C:\WINDOWS\System32\sechost.dll
0x00007ffce6990000 - 0x00007ffce6aa8000 	C:\WINDOWS\System32\RPCRT4.dll
0x00007ffce6ca0000 - 0x00007ffce6d14000 	C:\WINDOWS\System32\WS2_32.dll
0x00007ffce45f0000 - 0x00007ffce464e000 	C:\WINDOWS\SYSTEM32\POWRPROF.dll
0x00007ffccd530000 - 0x00007ffccd565000 	C:\WINDOWS\SYSTEM32\WINMM.dll
0x00007ffcd1e60000 - 0x00007ffcd1e6b000 	C:\WINDOWS\SYSTEM32\VERSION.dll
0x00007ffce45d0000 - 0x00007ffce45e4000 	C:\WINDOWS\SYSTEM32\UMPDC.dll
0x00007ffce3560000 - 0x00007ffce357b000 	C:\WINDOWS\SYSTEM32\kernel.appcore.dll
0x00007ffcde560000 - 0x00007ffcde56a000 	C:\Users\USER\.jdks\ms-21.0.8-1\bin\jimage.dll
0x00007ffce20b0000 - 0x00007ffce22f2000 	C:\WINDOWS\SYSTEM32\DBGHELP.DLL
0x00007ffce6590000 - 0x00007ffce690b000 	C:\WINDOWS\System32\combase.dll
0x00007ffce54e0000 - 0x00007ffce55b7000 	C:\WINDOWS\System32\OLEAUT32.dll
0x00007ffcc5bc0000 - 0x00007ffcc5bfc000 	C:\WINDOWS\SYSTEM32\dbgcore.DLL
0x00007ffce4c20000 - 0x00007ffce4cb8000 	C:\WINDOWS\System32\bcryptPrimitives.dll
0x00007ffcde550000 - 0x00007ffcde560000 	C:\Users\USER\.jdks\ms-21.0.8-1\bin\instrument.dll
0x00007ffcde4b0000 - 0x00007ffcde4d1000 	C:\Users\USER\.jdks\ms-21.0.8-1\bin\java.dll

JVMTI agents:
C:\Program Files\JetBrains\IntelliJ IDEA 2025.2.4\lib\idea_rt.jar path:none, loaded, not initialized, instrumentlib options:13015

dbghelp: loaded successfully - version: 4.0.5 - missing functions: none
symbol engine: initialized successfully - sym options: 0x614 - pdb path: .;C:\Users\USER\.jdks\ms-21.0.8-1\bin;C:\WINDOWS\SYSTEM32;C:\WINDOWS\WinSxS\amd64_microsoft.windows.common-controls_6595b64144ccf1df_6.0.26100.6899_none_3e0efeeae32e88c1;C:\Users\USER\.jdks\ms-21.0.8-1\bin\server

VM Arguments:
jvm_args: -XX:TieredStopAtLevel=1 -Dspring.output.ansi.enabled=always -Dcom.sun.management.jmxremote -Dspring.jmx.enabled=true -Dspring.liveBeansView.mbeanDomain -Dspring.application.admin.enabled=true -Dmanagement.endpoints.jmx.exposure.include=* -javaagent:C:\Program Files\JetBrains\IntelliJ IDEA 2025.2.4\lib\idea_rt.jar=13015 -Dfile.encoding=UTF-8 -Dsun.stdout.encoding=UTF-8 -Dsun.stderr.encoding=UTF-8 
java_command: com.example.todoapp.TodoappApplication
java_class_path (initial): C:\sesac\todoapp\build\classes\java\main;C:\sesac\todoapp\build\resources\main;C:\Users\USER\.gradle\caches\modules-2\files-2.1\org.springframework.boot\spring-boot-starter-thymeleaf\3.5.7\5981cf00d4cf2fd93b59f69e9ed24dcf8592bcad\spring-boot-starter-thymeleaf-3.5.7.jar;C:\Users\USER\.gradle\caches\modules-2\files-2.1\org.springframework.boot\spring-boot-starter-web\3.5.7\b98c28da1fe667776698882c27f68630c2747b87\spring-boot-starter-web-3.5.7.jar;C:\Users\USER\.gradle\caches\modules-2\files-2.1\org.springframework.boot\spring-boot-starter-data-jpa\3.5.7\5db48c2790037b07013a327871142e922247533a\spring-boot-starter-data-jpa-3.5.7.jar;C:\Users\USER\.gradle\caches\modules-2\files-2.1\nz.net.ultraq.thymeleaf\thymeleaf-layout-dialect\3.4.0\44360e674eb9762f33db69e46612bccdc39ec281\thymeleaf-layout-dialect-3.4.0.jar;C:\Users\USER\.gradle\caches\modules-2\files-2.1\org.springframework.boot\spring-boot-starter\3.5.7\ea4a8ad9f4df7d94250d643aa278c3353cd88c5\spring-boot-starter-3.5.7.jar;C:\Users\USER\.gradle\caches\modules-2\files-2.1\org.thymeleaf\thymeleaf-spring6\3.1.3.RELEASE\4b276ea2bd536a18e44b40ff1d9f4848965ff59c\thymeleaf-spring6-3.1.3.RELEASE.jar;C:\Users\USER\.gradle\caches\modules-2\files-2.1\org.springframework.boot\spring-boot-starter-json\3.5.7\71784cc8ed3a1a2fdcfd54bda22ccbacf2232751\spring-boot-starter-json-3.5.7.jar;C:\Users\USER\.gradle\caches\modules-2\files-2.1\org.springframework.boot\spring-boot-starter-tomcat\3.5.7\14dfae9a2c9f61fc382845959bc9f7b236840994\spring-boot-starter-tomcat-3.5.7.jar;C:\Users\USER\.gradle\caches\modules-2\files-2.1\org.springframework\spring-webmvc\6.2.12\550aea6677c8db7e7ad07b47068b57de4e1a13e9\spring-webmvc-6.2.12.jar;C:\Users\USER\.gradle\caches\modules-2\files-2.1\org.springframework\spring-web\6.2.12\58bdd67728631b561a8b9cf4249a0d990bb3ef88\spring-web-6.2.12.jar;C:\Users\USER\.gradle\caches\modules-2\files-2.1\org.springframework.boot\spring-boot-starter-jdbc\3.5.7\3e64a947b66284f6e164d6049bbb8060d702108c\spring-boot-starter-jdbc-3.5.7.jar;C:\Users\USER\.gradle\caches\modules-2\files-2.1\org.hibernate.orm\hibernate-core\6.6.33.Final\359cdbdc4c75f8fedd9203f98c95413bbca5820e\hibernate-core-6.6.33.Final.jar;C:\Users\USER\.gradle\caches\modules-2\files-2.1\org.springframework.data\spring-data-jpa\3.5.5\f9b4de5f7e69ab60cb144a052c44ac062b1d018\spring-data-jpa-3.5.5.jar;C:\Users\USER\.gradle\caches\modules-2\files-2.1\org.springframework\spring-aspects\6.2.12\14702fc62ef23402cf8cd24e2e4e72708bac4a02\spring-aspects-6.2.12.jar;C:\Users\USER\.gradle\caches\modules-2\files-2.1\org.apache.groovy\groovy\4.0.29\a5f23a7eed8c4140afd6f673a773a206870719c6\groovy-4.0.29.jar;C:\Users\USER\.gradle\caches\modules-2\files-2.1\org.springframework.boot\spring-boot-autoconfigure\3.5.7\8a1918c778e52c21a102363536320d71289650b4\spring-boot-autoconfigure-3.5.7.jar;C:\Users\USER\.gradle\caches\modules-2\files-2.1\org.springframework.boot\spring-boot\3.5.7\6c9db579b4669ec4ad6444ca84775d193c513ae2\spring-boot-3.5.7.jar;C:\Users\USER\.gradle\caches\modules-2\files-2.1\org.springframework.boot\spring-boot-starter-logging\3.5.7\3d2f969f8fcf7ca6017425144fe88c4f49dd880b\spring-boot-starter-logging-3.5.7.jar;C:\Users\USER\.gradle\caches\modules-2\files-2.1\jakarta.annotation\jakarta.annotation-api\2.1.1\48b9bda22b091b1f48b13af03fe36db3be6e1ae3\jakarta.annotation-api-2.1.1.jar;C:\Users\USER\.gradle\caches\modules-2\files-2.1\org.springframework\spring-core\6.2.12\298bd954610442d54b276f911d3490372ab62117\spring-core-6.2.12.jar;C:\Users\USER\.gradle\caches\modules-2\files-2.1\org.yaml\snakeyaml\2.4\e0666b825b796f85521f02360e77f4c92c5a7a07\snakeyaml-2.4.jar;C:\Users\USER\.gradle\caches\modules-2\files-2.1\org.thymeleaf\thymeleaf\3.1.3.RELEASE\51474f2a90b282ee97dabcd159c7faf24790f373\thymeleaf-3.1.3.RELEASE.jar;C:\Users\USER\.gradle\caches\modules-2\files-2.1\org.slf4j\slf4j-api\2.0.17\d9e58ac9c7779ba3bf8142aff6c830617a7fe60f\slf4j-api-2.0.17.jar;C:\Users\USER\.gradle\caches\modules-2\files-2.1\com.fasterxml.jackson.datatype\jackson-datatype-jsr310\2.19.2\72e73f048b36d9df82aef146bf8b2ae63b2e28e2\jackson-datatype-jsr310-2.19.2.jar;C:\Users\USER\.gradle\caches\modules-2\files-2.1\com.fasterxml.jackson.module\jackson-module-parameter-names\2.19.2\3c4ce467c11364c72ec4967c570fd5a2d1be1d0b\jackson-module-parameter-names-2.19.2.jar;C:\Users\USER\.gradle\caches\modules-2\files-2.1\com.fasterxml.jackson.datatype\jackson-datatype-jdk8\2.19.2\a720d3946c3a1ab04b780f3b3163d62eee6948a0\jackson-datatype-jdk8-2.19.2.jar;C:\Users\USER\.gradle\caches\modules-2\files-2.1\com.fasterxml.jackson.core\jackson-databind\2.19.2\46509399d28f57ca32c6bb4b0d4e10e8f062051e\jackson-databind-2.19.2.jar;C:\Users\USER\.gradle\caches\modules-2\files-2.1\org.apache.tomcat.embed\tomcat-embed-websocket\10.1.48\7fd0d1c6eae6c43106763e458640f4f8868a4ec3\tomcat-embed-websocket-10.1.48.jar;C:\Users\USER\.gradle\caches\modules-2\files-2.1\org.apache.tomcat.embed\tomcat-embed-core\10.1.48\d4c095a353c839a23a401ce9afbcb52d5be97b69\tomcat-embed-core-10.1.48.jar;C:\Users\USER\.gradle\caches\modules-2\files-2.1\org.apache.tomcat.embed\tomcat-embed-el\10.1.48\220294d3a81451f793c9c54af16a9f04f8ec5824\tomcat-embed-el-10.1.48.jar;C:\Users\USER\.gradle\caches\modules-2\files-2.1\org.springframework\spring-context\6.2.12\fdeff8060a111920fd38d5a23d48bc7b772d44c4\spring-context-6.2.12.jar;C:\Users\USER\.gradle\caches\modules-2\files-2.1\org.springframework\spring-aop\6.2.12\12d9001a3e38baf348c4c076efa3e4b7515f9048\spring-aop-6.2.12.jar;C:\Users\USER\.gradle\caches\modules-2\files-2.1\org.springframework\spring-beans\6.2.12\3f344e97550207fac50a5b3376cc9e59ecb02df\spring-beans-6.2.12.jar;C:\Users\USER\.gradle\caches\modules-2\files-2.1\org.springframework\spring-expression\6.2.12\aa5033d9e583aafc972b205618de13c5242c9cf5\spring-expression-6.2.12.jar;C:\Users\USER\.gradle\caches\modules-2\files-2.1\io.micrometer\micrometer-observation\1.15.5\60956d6926392e0abef3d34dfcabdc4b013953c8\micrometer-observation-1.15.5.jar;C:\Users\USER\.gradle\caches\modules-2\files-2.1\org.springframework\spring-jdbc\6.2.12\9dcb388d984891e32ff6af96abdb582a27a7c41c\spring-jdbc-6.2.12.jar;C:\Users\USER\.gradle\caches\modules-2\files-2.1\com.zaxxer\HikariCP\6.3.3\7c5aec1e47a97ff40977e0193018865304ea9585\HikariCP-6.3.3.jar;C:\Users\USER\.gradle\caches\modules-2\files-2.1\jakarta.persistence\jakarta.persistence-api\3.1.0\66901fa1c373c6aff65c13791cc11da72060a8d6\jakarta.persistence-api-3.1.0.jar;C:\Users\USER\.gradle\caches\modules-2\files-2.1\jakarta.transaction\jakarta.transaction-api\2.0.1\51a520e3fae406abb84e2e1148e6746ce3f80a1a\jakarta.transaction-api-2.0.1.jar;C:\Users\USER\.gradle\caches\modules-2\files-2.1\org.springframework\spring-orm\6.2.12\83538a5de92261ed86856975358d32292dde0a94\spring-orm-6.2.12.jar;C:\Users\USER\.gradle\caches\modules-2\files-2.1\org.springframework.data\spring-data-commons\3.5.5\170e595353fee2d804603df2f44f1dcbd4140ffd\spring-data-commons-3.5.5.jar;C:\Users\USER\.gradle\caches\modules-2\files-2.1\org.springframework\spring-tx\6.2.12\b1c1ee583c4f1dd6bef6887622cdc56fbb2a3090\spring-tx-6.2.12.jar;C:\Users\USER\.gradle\caches\modules-2\files-2.1\org.antlr\antlr4-runtime\4.13.0\5a02e48521624faaf5ff4d99afc88b01686af655\antlr4-runtime-4.13.0.jar;C:\Users\USER\.gradle\caches\modules-2\files-2.1\org.aspectj\aspectjweaver\1.9.24\9b5aeb0cea9f958b9c57fb80e62996e95a3e9379\aspectjweaver-1.9.24.jar;C:\Users\USER\.gradle\caches\modules-2\files-2.1\ch.qos.logback\logback-classic\1.5.20\3db675c8bc2f791612721d177ba54021eed3ade9\logback-classic-1.5.20.jar;C:\Users\USER\.gradle\caches\modules-2\files-2.1\org.apache.logging.log4j\log4j-to-slf4j\2.24.3\da1143e2a2531ee1c2d90baa98eb50a28a39d5a7\log4j-to-slf4j-2.24.3.jar;C:\Users\USER\.gradle\caches\modules-2\files-2.1\org.slf4j\jul-to-slf4j\2.0.17\524cb6ccc2b68a57604750e1ab8b13b5a786a6aa\jul-to-slf4j-2.0.17.jar;C:\Users\USER\.gradle\caches\modules-2\files-2.1\org.springframework\spring-jcl\6.2.12\d127f5020441b3cfe197668d32a327391587ff59\spring-jcl-6.2.12.jar;C:\Users\USER\.gradle\caches\modules-2\files-2.1\org.attoparser\attoparser\2.0.7.RELEASE\e5d0e988d9124139d645bb5872b24dfa23e283cc\attoparser-2.0.7.RELEASE.jar;C:\Users\USER\.gradle\caches\modules-2\files-2.1\org.unbescape\unbescape\1.1.6.RELEASE\7b90360afb2b860e09e8347112800d12c12b2a13\unbescape-1.1.6.RELEASE.jar;C:\Users\USER\.gradle\caches\modules-2\files-2.1\com.fasterxml.jackson.core\jackson-annotations\2.19.2\c5381f11988ae3d424b197a26087d86067b6d7d\jackson-annotations-2.19.2.jar;C:\Users\USER\.gradle\caches\modules-2\files-2.1\com.fasterxml.jackson.core\jackson-core\2.19.2\50f3b4bd59b9ff51a0ed493e7b5abaf5c39709bf\jackson-core-2.19.2.jar;C:\Users\USER\.gradle\caches\modules-2\files-2.1\io.micrometer\micrometer-commons\1.15.5\c7136877f2d8aed7627ef850f25ad2e6e71271dc\micrometer-commons-1.15.5.jar;C:\Users\USER\.gradle\caches\modules-2\files-2.1\ch.qos.logback\logback-core\1.5.20\c5e87126a18d729240c683db179a9387b2daa632\logback-core-1.5.20.jar;C:\Users\USER\.gradle\caches\modules-2\files-2.1\org.apache.logging.log4j\log4j-api\2.24.3\b02c125db8b6d295adf72ae6e71af5d83bce2370\log4j-api-2.24.3.jar;C:\Users\USER\.gradle\caches\modules-2\files-2.1\org.springframework.boot\spring-boot-devtools\3.5.7\c4e9491690ab0fb91883b3c2d9c9c2b5a9e25714\spring-boot-devtools-3.5.7.jar;C:\Users\USER\.gradle\caches\modules-2\files-2.1\com.h2database\h2\2.3.232\4fcc05d966ccdb2812ae8b9a718f69226c0cf4e2\h2-2.3.232.jar;C:\Users\USER\.gradle\caches\modules-2\files-2.1\nz.net.ultraq.groovy\groovy-extensions\2.3.3\aa11aa8987970180f538e3b0346634662855d274\groovy-extensions-2.3.3.jar;C:\Users\USER\.gradle\caches\modules-2\files-2.1\nz.net.ultraq.thymeleaf\thymeleaf-expression-processor\3.2.0\566d36d35ba24120e8cef0d55869868e042785cf\thymeleaf-expression-processor-3.2.0.jar;C:\Users\USER\.gradle\caches\modules-2\files-2.1\org.jboss.logging\jboss-logging\3.6.1.Final\886afbb445b4016a37c8960a7aef6ebd769ce7e5\jboss-logging-3.6.1.Final.jar;C:\Users\USER\.gradle\caches\modules-2\files-2.1\org.hibernate.common\hibernate-commons-annotations\7.0.3.Final\e183c4be8bb41d12e9f19b374e00c34a0a85f439\hibernate-commons-annotations-7.0.3.Final.jar;C:\Users\USER\.gradle\caches\modules-2\files-2.1\io.smallrye\jandex\3.2.0\f17ad860f62a08487b9edabde608f8ac55c62fa7\jandex-3.2.0.jar;C:\Users\USER\.gradle\caches\modules-2\files-2.1\com.fasterxml\classmate\1.7.1\e803194e4362a2c0585087c5f315682897d12f00\classmate-1.7.1.jar;C:\Users\USER\.gradle\caches\modules-2\files-2.1\net.bytebuddy\byte-buddy\1.17.8\af5735f63d00ca47a9375fae5c7471a36331c6ed\byte-buddy-1.17.8.jar;C:\Users\USER\.gradle\caches\modules-2\files-2.1\org.glassfish.jaxb\jaxb-runtime\4.0.6\fb95ebb62564657b2fedfe165b859789ef3a8711\jaxb-runtime-4.0.6.jar;C:\Users\USER\.gradle\caches\modules-2\files-2.1\jakarta.xml.bind\jakarta.xml.bind-api\4.0.4\d6d2327f3817d9a33a3b6b8f2e15a96bc2e7afdc\jakarta.xml.bind-api-4.0.4.jar;C:\Users\USER\.gradle\caches\modules-2\files-2.1\jakarta.inject\jakarta.inject-api\2.0.1\4c28afe1991a941d7702fe1362c365f0a8641d1e\jakarta.inject-api-2.0.1.jar;C:\Users\USER\.gradle\caches\modules-2\files-2.1\ognl\ognl\3.3.4\1904789bdd96f226ad252a02f230be1015f4462b\ognl-3.3.4.jar;C:\Users\USER\.gradle\caches\modules-2\files-2.1\org.glassfish.jaxb\jaxb-core\4.0.6\8e61282303777fc98a00cc3affd0560d68748a75\jaxb-core-4.0.6.jar;C:\Users\USER\.gradle\caches\modules-2\files-2.1\jakarta.activation\jakarta.activation-api\2.1.4\9e5c2a0d75dde71a0bedc4dbdbe47b78a5dc50f8\jakarta.activation-api-2.1.4.jar;C:\Users\USER\.gradle\caches\modules-2\files-2.1\org.javassist\javassist\3.29.0-GA\d3959fa7e00bf04dbe519228a23213d2afb625d8\javassist-3.29.0-GA.jar;C:\Users\USER\.gradle\caches\modules-2\files-2.1\org.eclipse.angus\angus-activation\2.0.3\7f80607ea5014fef0b1779e6c33d63a88a45a563\angus-activation-2.0.3.jar;C:\Users\USER\.gradle\caches\modules-2\files-2.1\org.glassfish.jaxb\txw2\4.0.6\4f4cd53b5ff9a2c5aa1211f15ed2569c57dfb044\txw2-4.0.6.jar;C:\Users\USER\.gradle\caches\modules-2\files-2.1\com.sun.istack\istack-commons-runtime\4.1.2\18ec117c85f3ba0ac65409136afa8e42bc74e739\istack-commons-runtime-4.1.2.jar
Launcher Type: SUN_STANDARD

[Global flags]
     intx CICompilerCount                          = 4                                         {product} {ergonomic}
     uint ConcGCThreads                            = 2                                         {product} {ergonomic}
     uint G1ConcRefinementThreads                  = 8                                         {product} {ergonomic}
   size_t G1HeapRegionSize                         = 2097152                                   {product} {ergonomic}
    uintx GCDrainStackTargetSize                   = 64                                        {product} {ergonomic}
   size_t InitialHeapSize                          = 264241152                                 {product} {ergonomic}
     bool ManagementServer                         = true                                      {product} {command line}
   size_t MarkStackSize                            = 4194304                                   {product} {ergonomic}
   size_t MaxHeapSize                              = 4200595456                                {product} {ergonomic}
   size_t MinHeapDeltaBytes                        = 2097152                                   {product} {ergonomic}
   size_t MinHeapSize                              = 8388608                                   {product} {ergonomic}
    uintx NonNMethodCodeHeapSize                   = 4096                                   {pd product} {ergonomic}
    uintx NonProfiledCodeHeapSize                  = 0                                      {pd product} {ergonomic}
     bool ProfileInterpreter                       = false                                  {pd product} {command line}
    uintx ProfiledCodeHeapSize                     = 0                                      {pd product} {ergonomic}
   size_t SoftMaxHeapSize                          = 4200595456                             {manageable} {ergonomic}
     intx TieredStopAtLevel                        = 1                                         {product} {command line}
     bool UseCompressedOops                        = true                           {product lp64_product} {ergonomic}
     bool UseG1GC                                  = true                                      {product} {ergonomic}
     bool UseLargePagesIndividualAllocation        = false                                  {pd product} {ergonomic}

Logging:
Log output configuration:
 #0: stdout all=warning uptime,level,tags foldmultilines=false
 #1: stderr all=off uptime,level,tags foldmultilines=false

Environment Variables:
JAVA_HOME=C:\Users\USER\.jdks\ms-21.0.8-1
PATH=C:\Program Files (x86)\NAT Service;C:\WINDOWS\system32;C:\WINDOWS;C:\WINDOWS\System32\Wbem;C:\WINDOWS\System32\WindowsPowerShell\v1.0\;C:\WINDOWS\System32\OpenSSH\;C:\Program Files (x86)\ePapyrus\Papyrus-PlugIn-web;C:\Program Files (x86)\ePapyrus\Papyrus-PlugIn-web\Addins;C:\Program Files\Git\cmd;C:\Program Files\nodejs\;C:\Users\USER\.jdks\ms-21.0.8-1\bin;C:\Users\USER\AppData\Local\Microsoft\WindowsApps;;C:\Program Files\JetBrains\PyCharm Community Edition 2020.3.3\bin;;C:\Users\USER\AppData\Local\Programs\Microsoft VS Code\bin;C:\Users\USER\AppData\Roaming\npm;C:\Program Files\JetBrains\IntelliJ IDEA 2025.2.4\bin
USERNAME=USER
OS=Windows_NT
PROCESSOR_IDENTIFIER=Intel64 Family 6 Model 140 Stepping 1, GenuineIntel
TMP=C:\Users\USER\AppData\Local\Temp
TEMP=C:\Users\USER\AppData\Local\Temp




Periodic native trim disabled

---------------  S Y S T E M  ---------------

OS:
 Windows 11 , 64 bit Build 26100 (10.0.26100.6725)
OS uptime: 10 days 5:55 hours

CPU: total 8 (initial active 8) (4 cores per cpu, 2 threads per core) family 6 model 140 stepping 1 microcode 0xb4, cx8, cmov, fxsr, ht, mmx, 3dnowpref, sse, sse2, sse3, ssse3, sse4.1, sse4.2, popcnt, lzcnt, tsc, tscinvbit, avx, avx2, aes, erms, clmul, bmi1, bmi2, adx, avx512f, avx512dq, avx512cd, avx512bw, avx512vl, sha, fma, vzeroupper, avx512_vpopcntdq, avx512_vpclmulqdq, avx512_vaes, avx512_vnni, clflush, clflushopt, clwb, avx512_vbmi2, avx512_vbmi, rdtscp, rdpid, fsrm, gfni, avx512_bitalg, f16c, pku, cet_ibt, cet_ss, avx512_ifma
Processor Information for the first 8 processors :
  Max Mhz: 2419, Current Mhz: 2419, Mhz Limit: 2419

Memory: 4k page, system-wide physical 16023M (3169M free)
TotalPageFile size 18921M (AvailPageFile size 219M)
current process WorkingSet (physical memory assigned to process): 13M, peak: 13M
current process commit charge ("private bytes"): 55M, peak: 307M

vm_info: OpenJDK 64-Bit Server VM (21.0.8+9-LTS) for windows-amd64 JRE (21.0.8+9-LTS), built on 2025-07-10T20:22:44Z by "MicrosoftCorporation" with unknown MS VC++:1944

END.
